localhost:80 172.23.0.1 - - [14/Sep/2019:11:48:56 +0000] "GET / HTTP/1.1" 200 1226 "-" "Mozilla/5.0 (X11; Ubuntu; Linux x86_64; rv:68.0) Gecko/20100101 Firefox/68.0"
localhost:80 172.23.0.1 - - [14/Sep/2019:11:50:08 +0000] "GET / HTTP/1.1" 200 1849 "-" "Mozilla/5.0 (X11; Ubuntu; Linux x86_64; rv:68.0) Gecko/20100101 Firefox/68.0"
localhost:80 172.23.0.1 - - [14/Sep/2019:11:52:20 +0000] "GET / HTTP/1.1" 200 1416 "-" "Mozilla/5.0 (X11; Ubuntu; Linux x86_64; rv:68.0) Gecko/20100101 Firefox/68.0"
localhost:80 172.23.0.1 - - [14/Sep/2019:11:52:31 +0000] "GET /tes_api HTTP/1.1" 404 1369 "-" "Mozilla/5.0 (X11; Ubuntu; Linux x86_64; rv:68.0) Gecko/20100101 Firefox/68.0"
localhost:80 172.23.0.1 - - [14/Sep/2019:11:52:51 +0000] "GET /welcome HTTP/1.1" 200 1280 "-" "Mozilla/5.0 (X11; Ubuntu; Linux x86_64; rv:68.0) Gecko/20100101 Firefox/68.0"
localhost:80 172.23.0.1 - - [14/Sep/2019:11:52:54 +0000] "GET /api HTTP/1.1" 200 340 "-" "Mozilla/5.0 (X11; Ubuntu; Linux x86_64; rv:68.0) Gecko/20100101 Firefox/68.0"
localhost:80 172.23.0.1 - - [14/Sep/2019:11:53:24 +0000] "GET /api HTTP/1.1" 200 341 "-" "Mozilla/5.0 (X11; Ubuntu; Linux x86_64; rv:68.0) Gecko/20100101 Firefox/68.0"
localhost:80 172.23.0.1 - - [14/Sep/2019:11:54:44 +0000] "GET /api HTTP/1.1" 200 459 "-" "Mozilla/5.0 (X11; Ubuntu; Linux x86_64; rv:68.0) Gecko/20100101 Firefox/68.0"
localhost:80 172.23.0.1 - - [14/Sep/2019:11:55:07 +0000] "GET /Test_api HTTP/1.1" 200 1894 "-" "Mozilla/5.0 (X11; Ubuntu; Linux x86_64; rv:68.0) Gecko/20100101 Firefox/68.0"
localhost:80 127.0.0.1 - - [14/Sep/2019:11:55:08 +0000] "GET /api HTTP/1.1" 200 544 "-" "-"
localhost:80 172.23.0.1 - - [14/Sep/2019:11:55:08 +0000] "POST /test_api/action HTTP/1.1" 200 697 "http://localhost/Test_api" "Mozilla/5.0 (X11; Ubuntu; Linux x86_64; rv:68.0) Gecko/20100101 Firefox/68.0"
localhost:80 172.23.0.1 - - [14/Sep/2019:11:55:17 +0000] "POST /test_api/action HTTP/1.1" 200 492 "http://localhost/Test_api" "Mozilla/5.0 (X11; Ubuntu; Linux x86_64; rv:68.0) Gecko/20100101 Firefox/68.0"
localhost:80 127.0.0.1 - - [14/Sep/2019:11:55:17 +0000] "POST /api/insert HTTP/1.1" 200 461 "-" "-"
localhost:80 127.0.0.1 - - [14/Sep/2019:11:55:17 +0000] "GET /api HTTP/1.1" 200 593 "-" "-"
localhost:80 172.23.0.1 - - [14/Sep/2019:11:55:17 +0000] "POST /test_api/action HTTP/1.1" 200 714 "http://localhost/Test_api" "Mozilla/5.0 (X11; Ubuntu; Linux x86_64; rv:68.0) Gecko/20100101 Firefox/68.0"
localhost:80 127.0.0.1 - - [14/Sep/2019:11:55:20 +0000] "POST /api/fetch_single HTTP/1.1" 200 484 "-" "-"
localhost:80 172.23.0.1 - - [14/Sep/2019:11:55:20 +0000] "POST /test_api/action HTTP/1.1" 200 514 "http://localhost/Test_api" "Mozilla/5.0 (X11; Ubuntu; Linux x86_64; rv:68.0) Gecko/20100101 Firefox/68.0"
localhost:80 127.0.0.1 - - [14/Sep/2019:11:55:27 +0000] "POST /api/update HTTP/1.1" 200 461 "-" "-"
localhost:80 172.23.0.1 - - [14/Sep/2019:11:55:27 +0000] "POST /test_api/action HTTP/1.1" 200 492 "http://localhost/Test_api" "Mozilla/5.0 (X11; Ubuntu; Linux x86_64; rv:68.0) Gecko/20100101 Firefox/68.0"
localhost:80 127.0.0.1 - - [14/Sep/2019:11:55:27 +0000] "GET /api HTTP/1.1" 200 599 "-" "-"
localhost:80 172.23.0.1 - - [14/Sep/2019:11:55:27 +0000] "POST /test_api/action HTTP/1.1" 200 713 "http://localhost/Test_api" "Mozilla/5.0 (X11; Ubuntu; Linux x86_64; rv:68.0) Gecko/20100101 Firefox/68.0"
localhost:80 127.0.0.1 - - [14/Sep/2019:11:55:32 +0000] "POST /api/delete HTTP/1.1" 200 461 "-" "-"
localhost:80 172.23.0.1 - - [14/Sep/2019:11:55:32 +0000] "POST /test_api/action HTTP/1.1" 200 491 "http://localhost/Test_api" "Mozilla/5.0 (X11; Ubuntu; Linux x86_64; rv:68.0) Gecko/20100101 Firefox/68.0"
localhost:80 127.0.0.1 - - [14/Sep/2019:11:55:32 +0000] "GET /api HTTP/1.1" 200 544 "-" "-"
localhost:80 172.23.0.1 - - [14/Sep/2019:11:55:32 +0000] "POST /test_api/action HTTP/1.1" 200 697 "http://localhost/Test_api" "Mozilla/5.0 (X11; Ubuntu; Linux x86_64; rv:68.0) Gecko/20100101 Firefox/68.0"
localhost:80 127.0.0.1 - - [14/Sep/2019:11:58:35 +0000] "POST /api/fetch_single HTTP/1.1" 200 486 "-" "-"
localhost:80 172.23.0.1 - - [14/Sep/2019:11:58:35 +0000] "POST /test_api/action HTTP/1.1" 200 517 "http://localhost/Test_api" "Mozilla/5.0 (X11; Ubuntu; Linux x86_64; rv:68.0) Gecko/20100101 Firefox/68.0"
localhost:80 127.0.0.1 - - [14/Sep/2019:11:58:47 +0000] "POST /api/update HTTP/1.1" 200 461 "-" "-"
localhost:80 172.23.0.1 - - [14/Sep/2019:11:58:47 +0000] "POST /test_api/action HTTP/1.1" 200 492 "http://localhost/Test_api" "Mozilla/5.0 (X11; Ubuntu; Linux x86_64; rv:68.0) Gecko/20100101 Firefox/68.0"
localhost:80 127.0.0.1 - - [14/Sep/2019:11:58:47 +0000] "GET /api HTTP/1.1" 200 546 "-" "-"
localhost:80 172.23.0.1 - - [14/Sep/2019:11:58:47 +0000] "POST /test_api/action HTTP/1.1" 200 699 "http://localhost/Test_api" "Mozilla/5.0 (X11; Ubuntu; Linux x86_64; rv:68.0) Gecko/20100101 Firefox/68.0"
localhost:80 127.0.0.1 - - [14/Sep/2019:11:58:49 +0000] "POST /api/fetch_single HTTP/1.1" 200 483 "-" "-"
localhost:80 172.23.0.1 - - [14/Sep/2019:11:58:49 +0000] "POST /test_api/action HTTP/1.1" 200 513 "http://localhost/Test_api" "Mozilla/5.0 (X11; Ubuntu; Linux x86_64; rv:68.0) Gecko/20100101 Firefox/68.0"
localhost:80 127.0.0.1 - - [14/Sep/2019:11:58:58 +0000] "POST /api/update HTTP/1.1" 200 461 "-" "-"
localhost:80 172.23.0.1 - - [14/Sep/2019:11:58:58 +0000] "POST /test_api/action HTTP/1.1" 200 492 "http://localhost/Test_api" "Mozilla/5.0 (X11; Ubuntu; Linux x86_64; rv:68.0) Gecko/20100101 Firefox/68.0"
localhost:80 127.0.0.1 - - [14/Sep/2019:11:58:58 +0000] "GET /api HTTP/1.1" 200 549 "-" "-"
localhost:80 172.23.0.1 - - [14/Sep/2019:11:58:58 +0000] "POST /test_api/action HTTP/1.1" 200 697 "http://localhost/Test_api" "Mozilla/5.0 (X11; Ubuntu; Linux x86_64; rv:68.0) Gecko/20100101 Firefox/68.0"
localhost:80 172.23.0.1 - - [14/Sep/2019:12:13:35 +0000] "GET /ci-back HTTP/1.1" 301 570 "-" "Mozilla/5.0 (X11; Ubuntu; Linux x86_64; rv:68.0) Gecko/20100101 Firefox/68.0"
localhost:80 172.23.0.1 - - [14/Sep/2019:12:13:35 +0000] "GET /ci-back/ HTTP/1.1" 200 1416 "-" "Mozilla/5.0 (X11; Ubuntu; Linux x86_64; rv:68.0) Gecko/20100101 Firefox/68.0"
localhost:80 172.23.0.1 - - [14/Sep/2019:12:13:39 +0000] "GET /ci-back/api HTTP/1.1" 200 460 "-" "Mozilla/5.0 (X11; Ubuntu; Linux x86_64; rv:68.0) Gecko/20100101 Firefox/68.0"
localhost:80 172.23.0.1 - - [14/Sep/2019:12:13:47 +0000] "GET /ci-back/ HTTP/1.1" 200 1280 "-" "Mozilla/5.0 (X11; Ubuntu; Linux x86_64; rv:68.0) Gecko/20100101 Firefox/68.0"
localhost:80 172.23.0.1 - - [14/Sep/2019:12:14:17 +0000] "GET /ci-front HTTP/1.1" 301 572 "-" "Mozilla/5.0 (X11; Ubuntu; Linux x86_64; rv:68.0) Gecko/20100101 Firefox/68.0"
localhost:80 172.23.0.1 - - [14/Sep/2019:12:14:17 +0000] "GET /ci-front/ HTTP/1.1" 200 1280 "-" "Mozilla/5.0 (X11; Ubuntu; Linux x86_64; rv:68.0) Gecko/20100101 Firefox/68.0"
localhost:80 172.23.0.1 - - [14/Sep/2019:12:14:31 +0000] "GET /ci-front/test_api HTTP/1.1" 200 1894 "-" "Mozilla/5.0 (X11; Ubuntu; Linux x86_64; rv:68.0) Gecko/20100101 Firefox/68.0"
localhost:80 172.23.0.1 - - [14/Sep/2019:12:14:31 +0000] "POST /test_api/action HTTP/1.1" 404 498 "http://localhost/ci-front/test_api" "Mozilla/5.0 (X11; Ubuntu; Linux x86_64; rv:68.0) Gecko/20100101 Firefox/68.0"
localhost:80 172.23.0.1 - - [14/Sep/2019:12:17:48 +0000] "GET /ci-front/test_api HTTP/1.1" 200 1901 "-" "Mozilla/5.0 (X11; Ubuntu; Linux x86_64; rv:68.0) Gecko/20100101 Firefox/68.0"
localhost:80 127.0.0.1 - - [14/Sep/2019:12:17:48 +0000] "GET /ci-back/api HTTP/1.1" 200 549 "-" "-"
localhost:80 172.23.0.1 - - [14/Sep/2019:12:17:48 +0000] "POST /ci-front/test_api/action HTTP/1.1" 200 697 "http://localhost/ci-front/test_api" "Mozilla/5.0 (X11; Ubuntu; Linux x86_64; rv:68.0) Gecko/20100101 Firefox/68.0"
localhost:80 172.23.0.1 - - [14/Sep/2019:12:18:16 +0000] "GET /ci-back/test_api HTTP/1.1" 200 1901 "-" "Mozilla/5.0 (X11; Ubuntu; Linux x86_64; rv:68.0) Gecko/20100101 Firefox/68.0"
localhost:80 127.0.0.1 - - [14/Sep/2019:12:18:16 +0000] "GET /api HTTP/1.1" 404 443 "-" "-"
localhost:80 172.23.0.1 - - [14/Sep/2019:12:18:16 +0000] "POST /ci-back/test_api/action HTTP/1.1" 200 605 "http://localhost/ci-back/test_api" "Mozilla/5.0 (X11; Ubuntu; Linux x86_64; rv:68.0) Gecko/20100101 Firefox/68.0"
localhost:80 172.23.0.1 - - [14/Sep/2019:12:18:22 +0000] "GET /ci-back/ HTTP/1.1" 200 1281 "-" "Mozilla/5.0 (X11; Ubuntu; Linux x86_64; rv:68.0) Gecko/20100101 Firefox/68.0"
localhost:80 172.23.0.1 - - [14/Sep/2019:12:18:26 +0000] "GET /ci-back/api HTTP/1.1" 200 460 "-" "Mozilla/5.0 (X11; Ubuntu; Linux x86_64; rv:68.0) Gecko/20100101 Firefox/68.0"
localhost:80 127.0.0.1 - - [14/Sep/2019:12:21:10 +0000] "POST /ci-front/ci-back/api/delete HTTP/1.1" 404 1338 "-" "-"
localhost:80 172.23.0.1 - - [14/Sep/2019:12:21:10 +0000] "POST /ci-front/test_api/action HTTP/1.1" 200 1081 "http://localhost/ci-front/test_api" "Mozilla/5.0 (X11; Ubuntu; Linux x86_64; rv:68.0) Gecko/20100101 Firefox/68.0"
localhost:80 127.0.0.1 - - [14/Sep/2019:12:21:14 +0000] "POST /ci-front/ci-back/api/delete HTTP/1.1" 404 1338 "-" "-"
localhost:80 172.23.0.1 - - [14/Sep/2019:12:21:14 +0000] "POST /ci-front/test_api/action HTTP/1.1" 200 1080 "http://localhost/ci-front/test_api" "Mozilla/5.0 (X11; Ubuntu; Linux x86_64; rv:68.0) Gecko/20100101 Firefox/68.0"
localhost:80 127.0.0.1 - - [14/Sep/2019:12:23:55 +0000] "POST /ci-back/api/delete HTTP/1.1" 200 461 "-" "-"
localhost:80 172.23.0.1 - - [14/Sep/2019:12:23:55 +0000] "POST /ci-front/test_api/action HTTP/1.1" 200 492 "http://localhost/ci-front/test_api" "Mozilla/5.0 (X11; Ubuntu; Linux x86_64; rv:68.0) Gecko/20100101 Firefox/68.0"
localhost:80 127.0.0.1 - - [14/Sep/2019:12:23:55 +0000] "GET /ci-back/api HTTP/1.1" 200 474 "-" "-"
localhost:80 172.23.0.1 - - [14/Sep/2019:12:23:55 +0000] "POST /ci-front/test_api/action HTTP/1.1" 200 677 "http://localhost/ci-front/test_api" "Mozilla/5.0 (X11; Ubuntu; Linux x86_64; rv:68.0) Gecko/20100101 Firefox/68.0"
localhost:80 172.23.0.1 - - [14/Sep/2019:12:28:00 +0000] "GET /ci-front/test_api HTTP/1.1" 500 691 "-" "Mozilla/5.0 (X11; Ubuntu; Linux x86_64; rv:68.0) Gecko/20100101 Firefox/68.0"
localhost:80 172.23.0.1 - - [14/Sep/2019:12:28:21 +0000] "GET /ci-front/test_api HTTP/1.1" 200 2037 "-" "Mozilla/5.0 (X11; Ubuntu; Linux x86_64; rv:68.0) Gecko/20100101 Firefox/68.0"
localhost:80 127.0.0.1 - - [14/Sep/2019:12:28:21 +0000] "GET /ci-back/api HTTP/1.1" 200 474 "-" "-"
localhost:80 172.23.0.1 - - [14/Sep/2019:12:28:21 +0000] "POST /ci-front/test_api/action HTTP/1.1" 200 677 "http://localhost/ci-front/test_api" "Mozilla/5.0 (X11; Ubuntu; Linux x86_64; rv:68.0) Gecko/20100101 Firefox/68.0"
localhost:80 127.0.0.1 - - [14/Sep/2019:12:28:34 +0000] "POST /ci-back/api/insert HTTP/1.1" 200 461 "-" "-"
localhost:80 172.23.0.1 - - [14/Sep/2019:12:28:34 +0000] "POST /ci-front/test_api/action HTTP/1.1" 200 492 "http://localhost/ci-front/test_api" "Mozilla/5.0 (X11; Ubuntu; Linux x86_64; rv:68.0) Gecko/20100101 Firefox/68.0"
localhost:80 127.0.0.1 - - [14/Sep/2019:12:28:34 +0000] "GET /ci-back/api HTTP/1.1" 200 549 "-" "-"
localhost:80 172.23.0.1 - - [14/Sep/2019:12:28:34 +0000] "POST /ci-front/test_api/action HTTP/1.1" 200 698 "http://localhost/ci-front/test_api" "Mozilla/5.0 (X11; Ubuntu; Linux x86_64; rv:68.0) Gecko/20100101 Firefox/68.0"
localhost:80 127.0.0.1 - - [14/Sep/2019:12:28:37 +0000] "POST /ci-back/api/fetch_single HTTP/1.1" 200 486 "-" "-"
localhost:80 172.23.0.1 - - [14/Sep/2019:12:28:37 +0000] "POST /ci-front/test_api/action HTTP/1.1" 200 516 "http://localhost/ci-front/test_api" "Mozilla/5.0 (X11; Ubuntu; Linux x86_64; rv:68.0) Gecko/20100101 Firefox/68.0"
localhost:80 127.0.0.1 - - [14/Sep/2019:12:28:47 +0000] "POST /ci-back/api/update HTTP/1.1" 200 461 "-" "-"
localhost:80 172.23.0.1 - - [14/Sep/2019:12:28:47 +0000] "POST /ci-front/test_api/action HTTP/1.1" 200 492 "http://localhost/ci-front/test_api" "Mozilla/5.0 (X11; Ubuntu; Linux x86_64; rv:68.0) Gecko/20100101 Firefox/68.0"
localhost:80 127.0.0.1 - - [14/Sep/2019:12:28:47 +0000] "GET /ci-back/api HTTP/1.1" 200 552 "-" "-"
localhost:80 172.23.0.1 - - [14/Sep/2019:12:28:47 +0000] "POST /ci-front/test_api/action HTTP/1.1" 200 703 "http://localhost/ci-front/test_api" "Mozilla/5.0 (X11; Ubuntu; Linux x86_64; rv:68.0) Gecko/20100101 Firefox/68.0"
localhost:80 172.23.0.1 - - [14/Sep/2019:12:28:52 +0000] "POST /ci-front/test_api/action HTTP/1.1" 200 492 "http://localhost/ci-front/test_api" "Mozilla/5.0 (X11; Ubuntu; Linux x86_64; rv:68.0) Gecko/20100101 Firefox/68.0"
localhost:80 127.0.0.1 - - [14/Sep/2019:12:28:52 +0000] "POST /ci-back/api/delete HTTP/1.1" 200 461 "-" "-"
localhost:80 127.0.0.1 - - [14/Sep/2019:12:28:53 +0000] "GET /ci-back/api HTTP/1.1" 200 474 "-" "-"
localhost:80 172.23.0.1 - - [14/Sep/2019:12:28:53 +0000] "POST /ci-front/test_api/action HTTP/1.1" 200 677 "http://localhost/ci-front/test_api" "Mozilla/5.0 (X11; Ubuntu; Linux x86_64; rv:68.0) Gecko/20100101 Firefox/68.0"
localhost:80 127.0.0.1 - - [14/Sep/2019:12:28:58 +0000] "POST /ci-back/api/fetch_single HTTP/1.1" 200 488 "-" "-"
localhost:80 172.23.0.1 - - [14/Sep/2019:12:28:58 +0000] "POST /ci-front/test_api/action HTTP/1.1" 200 519 "http://localhost/ci-front/test_api" "Mozilla/5.0 (X11; Ubuntu; Linux x86_64; rv:68.0) Gecko/20100101 Firefox/68.0"
localhost:80 127.0.0.1 - - [14/Sep/2019:12:29:04 +0000] "POST /ci-back/api/update HTTP/1.1" 200 461 "-" "-"
localhost:80 172.23.0.1 - - [14/Sep/2019:12:29:04 +0000] "POST /ci-front/test_api/action HTTP/1.1" 200 492 "http://localhost/ci-front/test_api" "Mozilla/5.0 (X11; Ubuntu; Linux x86_64; rv:68.0) Gecko/20100101 Firefox/68.0"
localhost:80 127.0.0.1 - - [14/Sep/2019:12:29:04 +0000] "GET /ci-back/api HTTP/1.1" 200 476 "-" "-"
localhost:80 172.23.0.1 - - [14/Sep/2019:12:29:04 +0000] "POST /ci-front/test_api/action HTTP/1.1" 200 677 "http://localhost/ci-front/test_api" "Mozilla/5.0 (X11; Ubuntu; Linux x86_64; rv:68.0) Gecko/20100101 Firefox/68.0"
localhost:80 127.0.0.1 - - [14/Sep/2019:12:32:13 +0000] "POST /ci-back/api/insert HTTP/1.1" 200 461 "-" "-"
localhost:80 172.23.0.1 - - [14/Sep/2019:12:32:13 +0000] "POST /ci-front/test_api/action HTTP/1.1" 200 492 "http://localhost/ci-front/test_api" "Mozilla/5.0 (X11; Ubuntu; Linux x86_64; rv:68.0) Gecko/20100101 Firefox/68.0"
localhost:80 127.0.0.1 - - [14/Sep/2019:12:32:13 +0000] "GET /ci-back/api HTTP/1.1" 200 550 "-" "-"
localhost:80 172.23.0.1 - - [14/Sep/2019:12:32:13 +0000] "POST /ci-front/test_api/action HTTP/1.1" 200 698 "http://localhost/ci-front/test_api" "Mozilla/5.0 (X11; Ubuntu; Linux x86_64; rv:68.0) Gecko/20100101 Firefox/68.0"
localhost:80 127.0.0.1 - - [14/Sep/2019:12:34:24 +0000] "POST /ci-back/api/delete HTTP/1.1" 200 461 "-" "-"
localhost:80 172.23.0.1 - - [14/Sep/2019:12:34:24 +0000] "POST /ci-front/test_api/action HTTP/1.1" 200 492 "http://localhost/ci-front/test_api" "Mozilla/5.0 (X11; Ubuntu; Linux x86_64; rv:68.0) Gecko/20100101 Firefox/68.0"
localhost:80 127.0.0.1 - - [14/Sep/2019:12:34:25 +0000] "GET /ci-back/api HTTP/1.1" 200 476 "-" "-"
localhost:80 172.23.0.1 - - [14/Sep/2019:12:34:24 +0000] "POST /ci-front/test_api/action HTTP/1.1" 200 677 "http://localhost/ci-front/test_api" "Mozilla/5.0 (X11; Ubuntu; Linux x86_64; rv:68.0) Gecko/20100101 Firefox/68.0"
localhost:80 172.23.0.1 - - [14/Sep/2019:12:34:32 +0000] "GET /ci-front/test_api HTTP/1.1" 200 2037 "-" "Mozilla/5.0 (X11; Ubuntu; Linux x86_64; rv:68.0) Gecko/20100101 Firefox/68.0"
localhost:80 127.0.0.1 - - [14/Sep/2019:12:34:32 +0000] "GET /ci-back/api HTTP/1.1" 200 476 "-" "-"
localhost:80 172.23.0.1 - - [14/Sep/2019:12:34:32 +0000] "POST /ci-front/test_api/action HTTP/1.1" 200 677 "http://localhost/ci-front/test_api" "Mozilla/5.0 (X11; Ubuntu; Linux x86_64; rv:68.0) Gecko/20100101 Firefox/68.0"
